


ARM Macro Assembler    Page 1 


    1 00000000                 AREA             RESET, DATA, READONLY
    2 00000000                 EXPORT           __Vectors
    3 00000000         __Vectors
    4 00000000 10001000        DCD              0X10001000
    5 00000004 00000000        DCD              Reset_Handler
    6 00000008                 ALIGN
    7 00000008                 AREA             MYCODE, CODE, READONLY
    8 00000000                 EXPORT           Reset_Handler
    9 00000000                 ENTRY
   10 00000000         Reset_Handler
   11 00000000 480C            LDR              R0, =HEX    ;
   12 00000002 4D0D            LDR              R5, =ASCII  ;
   13 00000004 6801            LDR              R1, [R0]    ;
   14 00000006         UP
   15 00000006 2900            CMP              R1, #0      ;
   16 00000008 D010            BEQ              STOP
   17 0000000A 460A            MOV              R2, R1      ;
   18 0000000C F002 020F       AND              R2, #0XF    ;
   19 00000010 2A09            CMP              R2, #9      ;
   20 00000012 D802            BHI              SKIP
   21 00000014 F102 0330       ADD              R3, R2, #0X30 ;
   22 00000018 E003            B                NXT
   23 0000001A         SKIP
   24 0000001A F1A2 020A       SUB              R2, #0XA    ;
   25 0000001E F102 0341       ADD              R3, R2, #0X41 ;
   26 00000022         NXT
   27 00000022 F844 3B04       STR              R3, [R4], #0X4 ;
   28 00000026 EA4F 1111       LSR              R1, #0X4    ;
   29 0000002A E7EC            B                UP
   30 0000002C         STOP
   31 0000002C 602B            STR              R3, [R5]    ;
   32 0000002E E7FD            B                STOP
   33 00000030 00000004 
                       HEX     DCD              0X04
   34 00000034 00000000 
              00000000         AREA             dataseg, DATA, READWRITE
   35 00000000 00000000 
              00000000 ASCII   DCD              0,0
   36 00000008                 END
Command Line: --debug --xref --cpu=Cortex-M3 --apcs=interwork --depend=lab4_1.d
 -olab4_1.o -ID:\Keil\ARM\RV31\INC -ID:\Keil\ARM\CMSIS\Include -ID:\Keil\ARM\In
c\NXP\LPC17xx --predefine="__EVAL SETA 1" --list=lab4_1.lst lab4_1.s



ARM Macro Assembler    Page 1 Alphabetic symbol ordering
Relocatable symbols

RESET 00000000

Symbol: RESET
   Definitions
      At line 1 in file lab4_1.s
   Uses
      None
Comment: RESET unused
__Vectors 00000000

Symbol: __Vectors
   Definitions
      At line 3 in file lab4_1.s
   Uses
      At line 2 in file lab4_1.s
Comment: __Vectors used once
2 symbols



ARM Macro Assembler    Page 1 Alphabetic symbol ordering
Relocatable symbols

HEX 00000030

Symbol: HEX
   Definitions
      At line 33 in file lab4_1.s
   Uses
      At line 11 in file lab4_1.s
Comment: HEX used once
MYCODE 00000000

Symbol: MYCODE
   Definitions
      At line 7 in file lab4_1.s
   Uses
      None
Comment: MYCODE unused
NXT 00000022

Symbol: NXT
   Definitions
      At line 26 in file lab4_1.s
   Uses
      At line 22 in file lab4_1.s
Comment: NXT used once
Reset_Handler 00000000

Symbol: Reset_Handler
   Definitions
      At line 10 in file lab4_1.s
   Uses
      At line 5 in file lab4_1.s
      At line 8 in file lab4_1.s

SKIP 0000001A

Symbol: SKIP
   Definitions
      At line 23 in file lab4_1.s
   Uses
      At line 20 in file lab4_1.s
Comment: SKIP used once
STOP 0000002C

Symbol: STOP
   Definitions
      At line 30 in file lab4_1.s
   Uses
      At line 16 in file lab4_1.s
      At line 32 in file lab4_1.s

UP 00000006

Symbol: UP
   Definitions
      At line 14 in file lab4_1.s
   Uses
      At line 29 in file lab4_1.s
Comment: UP used once
7 symbols



ARM Macro Assembler    Page 1 Alphabetic symbol ordering
Relocatable symbols

ASCII 00000000

Symbol: ASCII
   Definitions
      At line 35 in file lab4_1.s
   Uses
      At line 12 in file lab4_1.s
Comment: ASCII used once
dataseg 00000000

Symbol: dataseg
   Definitions
      At line 34 in file lab4_1.s
   Uses
      None
Comment: dataseg unused
2 symbols
344 symbols in table
